[Map]
author=Lazarus
image=alabama.bmp
wrap=no
scroll=none
warn=yes
[Continents]
ATroop=4
BTroop=3
CTroop=6
DTroop=5
ETroop=9
GTroop=5
[Territories]
Autauga,215,341,ETroop,Chilton,Dallas,Elmore,Lowndes,Montgomery
Baldwin,85,611,GTroop,Clarke,Escambia,Mobile,Monroe,Washington
Barbour,367,433,ETroop,Bullock,Dale,Henry,Pike,Russell
Bibb,156,280,DTroop,Chilton,Hale,Jefferson,Perry,Shelby,Tuscaloosa
Blount,222,143,CTroop,Cullman,Etowah,Jefferson,Marshall,St.Clair,Walker
Bullock,326,403,ETroop,Barbour,Macon,Montgomery,Pike,Russell
Butler,212,451,GTroop,Conecuh,Covington,Crenshaw,Lowndes,Monroe,Wilcox
Calhoun,304,170,CTroop,Cherokee,Cleburne,Etowah,St.Clair,Talladega
Chambers,361,289,ETroop,Lee,Randolph,Tallapoosa
Cherokee,332,117,CTroop,Calhoun,Cleburne,Dekalb,Etowah
Chilton,212,293,ETroop,Autauga,Bibb,Coosa,Dallas,Elmore,Perry,Shelby
Choctaw,20,414,GTroop,Clarke,Marengo,Sumter,Washington
Clarke,74,460,GTroop,Baldwin,Choctaw,Marengo,Monroe,Washington,Wilcox
Clay,309,239,CTroop,Cleburne,Coosa,Randolph,Talladega,Tallapoosa
Cleburne,344,181,CTroop,Calhoun,Cherokee,Clay,Randolph,Talladega
Coffee,296,499,ETroop,Covington,Crenshaw,Dale,Geneva,Pike
Colbert,74,49,ATroop,Franklin,Lauderdale,Lawrence
Conecuh,175,499,GTroop,Butler,Covington,Escambia,Monroe
Coosa,262,287,ETroop,Chilton,Clay,Elmore,Talladega,Tallapoosa,Shelby
Covington,243,521,GTroop,Butler,Coffee,Conecuh,Crenshaw,Escambia,Geneva
Crenshaw,253,454,GTroop,Butler,Coffee,Covington,Lowndes,Montgomery,Pike
Cullman,183,118,BTroop,Blount,Lawrence,Marshall,Morgan,Walker,Winston
Dale,337,495,ETroop,Barbour,Coffee,Geneva,Henry,Houston,Pike
Dallas,159,374,DTroop,Autauga,Chilton,Lowndes,Marengo,Perry,Wilcox
Dekalb,309,74,CTroop,Cherokee,Etowah,Jackson,Marshall
Elmore,275,334,ETroop,Autauga,Chilton,Coosa,Macon,Montgomery,Tallapoosa
Escambia,156,541,GTroop,Baldwin,Conecuh,Covington,Monroe
Etowah,284,131,CTroop,Blount,Calhoun,Cherokee,Dekalb,Marshall,St.Clair
Fayette,82,178,ATroop,Lamar,Marion,Pickens,Tuscaloosa,Walker
Franklin,72,80,ATroop,Colbert,Lawrence,Marion,Winston
Geneva,314,545,ETroop,Coffee,Covington,Dale,Houston
Greene,61,292,DTroop,Hale,Marengo,Pickens,Sumter,Tuscaloosa
Hale,98,308,DTroop,Bibb,Greene,Marengo,Perry,Tuscaloosa
Henry,378,488,ETroop,Barbour,Dale,Houston
Houston,378,537,ETroop,Dale,Geneva,Henry
Jackson,284,30,BTroop,Dekalb,Madison,Marshall
Jefferson,183,204,CTroop,Bibb,Blount,Shelby,St.Clair,Tuscaloosa,Walker
Lamar,42,173,ATroop,Fayette,Marion,Pickens
Lauderdale,96,18,ATroop,Colbert,Lawrence,Limestone
Lawrence,134,71,ATroop,Colbert,Cullman,Franklin,Lauderdale,Limestone,Morgan,Winston
Lee,370,331,ETroop,Chambers,Macon,Russell,Tallapoosa
Limestone,168,25,BTroop,Lauderdale,Lawrence,Madison,Morgan
Lowndes,213,395,ETroop,Autauga,Butler,Crenshaw,Dallas,Montgomery,Wilcox
Macon,328,361,ETroop,Bullock,Elmore,Lee,Montgomery,Russell,Tallapoosa
Madison,220,32,BTroop,Jackson,Limestone,Marshall,Morgan
Marengo,86,380,DTroop,Choctaw,Clarke,Dallas,Greene,Hale,Perry,Sumter,Wilcox
Marion,70,120,ATroop,Fayette,Franklin,Lamar,Walker,Winston
Marshall,250,90,BTroop,Blount,Cullman,Dekalb,Etowah,Jackson,Madison,Morgan
Mobile,25,587,GTroop,Baldwin,Washington
Monroe,127,478,GTroop,Baldwin,Butler,Clarke,Conecuh,Escambia,Wilcox
Montgomery,266,386,ETroop,Autauga,Bullock,Crenshaw,Elmore,Lowndes,Macon,Pike
Morgan,184,79,BTroop,Cullman,Lawrence,Limestone,Madison,Marshall
Perry,139,327,DTroop,Bibb,Chilton,Dallas,Hale,Marengo
Pickens,47,240,DTroop,Fayette,Greene,Lamar,Sumter,Tuscaloosa
Pike,300,447,ETroop,Barbour,Bullock,Coffee,Crenshaw,Dale,Montgomery
Randolph,352,236,CTroop,Chambers,Clay,Cleburne,Tallapoosa
Russell,386,376,ETroop,Barbour,Bullock,Lee,Macon
St.Clair,247,177,CTroop,Blount,Calhoun,Etowah,Jefferson,Shelby,Talladega
Shelby,212,242,CTroop,Bibb,Chilton,Coosa,Jefferson,St.Clair,Talladega
Sumter,27,340,DTroop,Choctaw,Greene,Marengo,Pickens
Talladega,269,224,CTroop,Calhoun,Clay,Cleburne,Coosa,Shelby,St.Clair
Tallapoosa,312,290,ETroop,Clay,Chambers,Coosa,Elmore,Lee,Macon,Randolph
Tuscaloosa,111,242,DTroop,Bibb,Fayette,Greene,Hale,Jefferson,Pickens,Walker
Walker,138,166,CTroop,Blount,Cullman,Fayette,Jefferson,Marion,Tuscaloosa,Winston
Washington,27,500,GTroop,Baldwin,Choctaw,Clarke,Mobile
Wilcox,133,421,DTroop,Butler,Clarke,Dallas,Lowndes,Marengo,Monroe
Winston,126,117,ATroop,Cullman,Franklin,Lawrence,Marion,Walker
