[Map]
author=RustinTerry
image=Asia.bmp
wrap=yes
scroll=horizontal
warn=yes
[Continents]
NorthAsia=3
AsiaMinor=4
ArabianPeninsula=2
IndianSub-Continent=2
SouthEastAsia=4
Oceania=4
Persia=8
[Territories]
SaudiArabia,77,295,ArabianPeninsula,Yemen,Omen,UnitedArabEmigrants,Qatar,Buhrain,Kuwait,Iraq,Jordan
Kuwait,105,251,ArabianPeninsula,SaudiArabia,Iraq,Iran
Buhrain,120,277,ArabianPeninsula,SaudiArabia,Qatar
Qatar,119,301,ArabianPeninsula,Buhrain,SaudiArabia,UnitedArabEmigrants
UnitedArabEmigrants,146,311,ArabianPeninsula,Qatar,SaudiArabia,Omen
Omen,157,343,ArabianPeninsula,UnitedArabEmigrants,SaudiArabia,Yemen
Yemen,89,361,ArabianPeninsula,SaudiArabia,Omen
Turkey,60,155,AsiaMinor,Cyprus,Syria,Iraq,Iran,Armenia,Georgia
Cyprus,27,191,AsiaMinor,Turkey,Syria,Israel,Lebanon
Syria,71,197,AsiaMinor,Turkey,Iraq,Jordan,Israel,Lebanon,Cyprus
Iraq,93,223,AsiaMinor,Iran,Kuwait,SaudiArabia,Jordan,Syria,Turkey
Jordan,48,225,AsiaMinor,Israel,Syria,Iraq,SaudiArabia
Lebanon,42,200,AsiaMinor,Cyprus,Syria,Israel
Israel,33,219,AsiaMinor,Cyprus,Lebanon,Jordan,Syria
Russia,363,81,NorthAsia,Japan,NorthKorea,China,Mongolia,Kazakhstan,Georgia,Azerbaijan
Japan,678,141,NorthAsia,Russia,NorthKorea,SouthKorea
NorthKorea,593,152,NorthAsia,China,Russia,Japan,SouthKorea
SouthKorea,618,181,NorthAsia,NorthKorea,Japan
China,463,236,NorthAsia,Philippines,NorthKorea,Russia,Mongolia,Kazakhstan,India,Myanmar,Vietnam
Mongolia,448,144,NorthAsia,Russia,China,Kazakhstan
Kazakhstan,273,136,NorthAsia,Russia,Mongolia,China,Uzbekistan,Kyrgyzstan,Turkmenistan
Georgia,110,152,Persia,Russia,Azerbaijan,Armenia,Turkey
Armenia,122,177,Persia,Georgia,Azerbaijan,Iran,Turkey
Azerbaijan,143,181,Persia,Georgia,Armenia,Iran,Russia
Iran,163,252,Persia,Armenia,Azerbaijan,Turkey,Iraq,Kuwait,Turkmenistan,Afghanistan,Pakistan
Turkmenistan,184,194,Persia,Kazakhstan,Uzbekistan,Afghanistan,Iran
Uzbekistan,227,180,Persia,Kazakhstan,Turkmenistan,Kyrgyzstan,Tajikistan,Afghanistan
Kyrgyzstan,301,192,Persia,Kazakhstan,Uzbekistan,Tajikistan
Tajikistan,278,216,Persia,Uzbekistan,Kyrgyzstan,Afghanistan
Afghanistan,225,253,Persia,Iran,Turkmenistan,Uzbekistan,Tajikistan,Pakistan
Pakistan,264,277,Persia,Iran,Afghanistan,India
India,314,339,IndianSub-Continent,Pakistan,China,Nepal,Bhuntan,Myanmar,Bangladesh,Maldives,SriLanka
Nepal,347,293,IndianSub-Continent,India
Bhuntan,396,296,IndianSub-Continent,India
Bangladesh,394,332,IndianSub-Continent,India,Myanmar
SriLanka,330,457,IndianSub-Continent,India
Maldives,273,493,IndianSub-Continent,India
Myanmar,440,338,SouthEastAsia,China,India,Bangladesh,Thailand,Laos
Thailand,484,371,SouthEastAsia,Myanmar,Laos,Cambodia,WestMalaysia
Laos,487,344,SouthEastAsia,Myanmar,Vietnam,Cambodia,Thailand
Vietnam,540,386,SouthEastAsia,China,Laos,Brunei,EastMalaysia,Cambodia
Cambodia,509,395,SouthEastAsia,Thailand,Laos,Vietnam
WestMalaysia,491,459,SouthEastAsia,Thailand,EastMalaysia,Singapore
Singapore,502,498,SouthEastAsia,WestMalaysia,Indonesia
Indonesia,620,461,Oceania,Singapore,EastMalaysia,Philippines
EastMalaysia,572,452,Oceania,Brunei,Vietnam,WestMalaysia,Indonesia,Philippines
Brunei,589,437,Oceania,Vietnam,EastMalaysia
Philippines,627,360,Oceania,China,EastMalaysia,Indonesia
