[Map]
author=LBruzon
image=Gibraltar.bmp
wrap=yes
scroll=vertical
warn=yes
[Continents]
Airport=4
Town=4
Harbour=6
Beaches=5
Europa=3
UpperRock=4
[Territories]
Runway,340,36,Airport,AirportSouth,AirportBeach,NorthMoleReclamation
AirportBeach,404,104,Airport,AirportSouth,Runway,EasternBeach
AirportSouth,323,104,Airport,Runway,AirportBeach,NorthernLookOutPoint,MainStreet,NorthMoleReclamation
NorthMoleReclamation,192,114,Harbour,DetatchedMole,Queensway,Runway,CoalingIsland,AirportSouth
Queensway,227,199,Harbour,MainStreet,NorthMoleReclamation,CoalingIsland,9,RedSands
MainStreet,267,221,Town,Queensway,RedSands,AirportSouth,CenterLookOutPoint
CoalingIsland,197,242,Harbour,NorthMoleReclamation,DetatchedMole,Queensway,9,SouthMole
DetatchedMole,133,265,Harbour,CoalingIsland,NorthMoleReclamation,9,SouthMole
9,238,361,Harbour,CoalingIsland,DetatchedMole,SouthMole,RedSands,Queensway,ParsonsLodge
SouthMole,225,429,Harbour,9,ParsonsLodge,DetatchedMole,CoalingIsland,RedSands
ParsonsLodge,278,473,Town,EuropaShrine,SouthMole,RedSands,GunPoint,EuropaMosque,9
EuropaShrine,292,563,Europa,ParsonsLodge,EuropaMosque,EuropaPoint
EuropaMosque,322,555,Europa,EuropaPoint,EuropaShrine,Refinary,ParsonsLodge
EuropaPoint,313,639,Europa,EuropaMosque,EuropaShrine
Refinary,374,555,Europa,TunnelWay,EuropaMosque
TunnelWay,402,428,Beaches,Refinary,GunPoint,SandyBay
GunPoint,359,418,UpperRock,ParsonsLodge,TunnelWay,CenterLookOutPoint
RedSands,281,370,Town,9,MainStreet,ParsonsLodge,SouthMole,Queensway
CenterLookOutPoint,324,311,UpperRock,NorthernLookOutPoint,GunPoint,MainStreet
SouthCatchments,366,343,Beaches,SandyBay,Caleta,NorthCatchments
Caleta,395,267,Beaches,SouthCatchments,NorthCatchments,EasternBeach,SandyBay
NorthCatchments,366,283,Beaches,Caleta,NorthernLookOutPoint,EasternBeach,SouthCatchments
SandyBay,389,338,Beaches,TunnelWay,SouthCatchments,Caleta
NorthernLookOutPoint,353,192,UpperRock,AirportSouth,NorthCatchments,CenterLookOutPoint
EasternBeach,401,206,Beaches,NorthCatchments,Caleta,AirportBeach
