[Map]
author=MaximeGousse
warn=yes
image=Montreal.bmp
wrap=no
scroll=horizontal
[Continents]
MontrealEst=3
MontrealCentre-Est=4
MontrealCentre-Ouest=4
MontrealCentre=3
MontrealOuest=6
[Territories]
RDP-PAT,330,50,MontrealEst,Anjou,MontrealNord,Mercier
Anjou,300,95,MontrealEst,RDP-PAT,MontrealNord,Mercier,St-Leonard
MontrealNord,255,110,MontrealEst,RDP-PAT,Anjou,St-Leonard,Ahuntsic,Villeray
St-Leonard,270,120,MontrealEst,MontrealNord,Anjou,Mercier,Rosemont,Villeray
Mercier,325,130,MontrealEst,RDP-PAT,Anjou,St-Leonard,Rosemont,Plateau
Ahuntsic,230,160,MontrealCentre-Est,MontrealNord,Villeray,Mont-Royal,Saint-Laurent,Pierrefonds
Villeray,265,150,MontrealCentre-Est,Ahuntsic,MontrealNord,St-Leonard,Rosemont,Mont-ROyal,Outremont
Rosemont,290,160,MontrealCentre-Est,St-Leonard,Villeray,Mercier,Plateau,Outremont
Plateau,300,180,MontrealCentre-Est,Mercier,Rosemont,Outremont,Ville-Marie
Outremont,270,195,MontrealCentre-Est,Villeray,Rosemont,Plateau,Ville-Marie,NDG,Mont-Royal
Saint-Laurent,200,210,MontrealCentre-Ouest,Ahuntsic,Mont-Royal,Hampstead,Pierrefonds,Lachine,Dorval,NDG
Mont-Royal,240,200,MontrealCentre-Ouest,Saint-Laurent,Ahuntsic,Villeray,Outremont,NDG,Hampstead
NDG,255,220,MontrealCentre-Ouest,Mont-Royal,Outremont,Ville-Marie,Westmount,PointeSt-Charles,Hampstead,Saint-Laurent
Hampstead,230,245,MontrealCentre-Ouest,Saint-Laurent,Mont-Royal,NDG,PointeSt-Charles,LaSalle,Lachine
Westmount,275,225,MontrealCentre-Ouest,NDG,Ville-Marie,PointeSt-Charles
Ville-Marie,300,210,MontrealCentre,Plateau,Outremont,NDG,Westmount,PointeSt-Charles
PointeSt-Charles,290,240,MontrealCentre,Ville-Marie,Westmount,Verdun,NDG,LaSalle,Hampstead
Verdun,300,260,MontrealCentre,LaSalle,PointeSt-Charles
LaSalle,260,285,MontrealCentre,Lachine,PointeSt-Charles,Verdun,Hampstead
Lachine,210,270,MontrealCentre,LaSalle,Hampstead,Saint-Laurent,Dorval
Dorval,165,260,MontrealOuest,Saint-Laurent,Lachine,Pointe-Claire,Pierrefonds
Pierrefonds,125,220,MontrealOuest,Saint-Laurent,Ahuntsic,Dorval,Pointe-Claire,Kirkland,Senneville
Pointe-Claire,120,260,MontrealOuest,Dorval,Pierrefonds,Kirkland,Beaconsfield
Beaconsfield,70,290,MontrealOuest,Pointe-Claire,Kirkland,Ste-Anne-de-Bellevue
Ste-Anne-de-Bellevue,30,285,MontrealOuest,Beaconsfield,Kirkland,Senneville
Senneville,75,240,MontrealOuest,IleBizard,Ste-Anne-de-Bellevue,Kirkland,Pierrefonds
IleBizard,60,220,MontrealOuest,Senneville
Kirkland,80,265,MontrealOuest,Senneville,Ste-Anne-de-Bellevue,Beaconsfield,Pointe-Claire,Pierrefonds
