[Map]
author=RustinTerry
image=SouthAmerica.bmp
wrap=no
scroll=no
warn=no
[Continents]
CentralAmerica=1
TheHighlands=2
TheAndes=3
TheAmazon=4
[Territories]
Nicaragua,190,13,CentralAmerica,CostaRica
CostaRica,231,42,CentralAmerica,Nicaragua,Panama
Panama,288,46,CentralAmerica,CostaRica,Columbia
Columbia,355,80,TheHighlands,Panama,Venezuela,Brazil,Peru,Ecuador
Venezuela,432,51,TheHighlands,Columbia,Guyana,Brazil
Ecuador,302,125,TheHighlands,Columbia,Peru
Peru,341,189,TheHighlands,Ecuador,Brazil,Bolivia,Chile,GalapagosIsland,Columbia
GalapagosIsland,195,227,TheHighlands,Peru
Guyana,495,67,TheAmazon,Venezuela,Suriname,Brazil
Suriname,525,79,TheAmazon,Guyana,FrenchGuiana
FrenchGuiana,551,79,TheAmazon,Suriname,Brazil
Brazil,569,187,TheAmazon,Guyana,Suriname,FrenchGuiana,Uruguay,Paraguay,Bolivia,Peru,Columbia,Venezuela
Uruguay,555,371,TheAmazon,Brazil,Argentina
Bolivia,445,245,TheAndes,Peru,Brazil,Paraguay,Argentina,Chile
Paraguay,509,289,TheAndes,Bolivia,Brazil,Argentina
Argentina,473,363,TheAndes,Chile,Bolivia,Paraguay,Uruguay,FalklandIsland
FalklandIsland,555,477,TheAndes,Argentina
Chile,411,311,TheAndes,Peru,Bolivia,Argentina,IslasJuan
IslasJuan,369,461,TheAndes,Chile
