[Map]
author=sid6.7
image=switzerland.bmp
wrap=yes
scroll=none
warn=yes
[Continents]
Liechtenstien=1
Geneva=3
Jura-Fribourg=4
Highlands=5
Zurich=4
Confederation=6
Eastlands=6
Ticino-Graub=2
Lowlands=1
Basel=1
[Territories]
Graubunden,646,328,Ticino-Graub,TicinoCanton,UriCanton,GlarusCanton,SanktGallen,Varduz
TicinoCanton,515,420,Ticino-Graub,ValaisCanton,Graubunden,UriCanton
ValaisCanton,296,459,Lowlands,LusanneCanton,BernCanton,UriCanton,TicinoCanton
Geneva,42,451,Geneva,LusanneCanton
LusanneCanton,110,355,Geneva,Geneva,Neuchtel,Fribourg,ValaisCanton,BernCanton
Fribourg,213,311,Jura-Fribourg,LusanneCanton,BernCanton,Neuchtel
Neuchtel,160,253,Jura-Fribourg,LusanneCanton,BernCanton,JuraCanton,Fribourg
JuraCanton,206,132,Jura-Fribourg,Solothum,BernCanton,Neuchtel
BernCanton,312,286,Highlands,LusanneCanton,ValaisCanton,Aargau,Solothum,LuzernCanton,Sarnen,UriCanton,Fribourg,Neuchtel,JuraCanton
Solothum,286,159,Highlands,Aargau,LeistalCanton,JuraCanton,BernCanton
LeistalCanton,337,131,Highlands,Aargau,BaselCanton,Solothum
Aargau,401,133,Highlands,ZurichCanton,ZugZUg,LeistalCanton,BaselCanton,LuzernCanton,BernCanton,Solothum
Shafthausen,475,55,Zurich,Thurago,ZurichCanton
ZurichCanton,472,129,Zurich,SanktGallen,Thurago,Shafthausen,ZugZUg,Aargau
ZugZUg,453,185,Zurich,SanktGallen,ZurichCanton,Aargau,ShwytzCanton
LuzernCanton,373,217,Confederation,Aargau,BernCanton,Sarnen,ShwytzCanton
Sarnen,410,255,Confederation,BernCanton,LuzernCanton,Stans,ShwytzCanton,UriCanton
Stans,449,272,Confederation,Sarnen,ShwytzCanton,UriCanton
ShwytzCanton,480,228,Confederation,SanktGallen,ZugZUg,LuzernCanton,Sarnen,Stans,UriCanton,GlarusCanton
UriCanton,456,314,Confederation,ValaisCanton,TicinoCanton,Graubunden,BernCanton,ShwytzCanton,Stans,Sarnen,GlarusCanton
GlarusCanton,542,269,Eastlands,Graubunden,SanktGallen,ShwytzCanton,UriCanton
SanktGallen,555,199,Eastlands,Graubunden,Varduz,AppenzielCanton,HerisanCanton,Thurago,ZurichCanton,ZugZUg,ShwytzCanton,GlarusCanton
AppenzielCanton,621,159,Eastlands,SanktGallen,HerisanCanton
HerisanCanton,585,148,Eastlands,SanktGallen,AppenzielCanton
Thurago,527,96,Eastlands,SanktGallen,Shafthausen,ZurichCanton
BaselCanton,300,102,Basel,Aargau,LeistalCanton
Varduz,656,207,Liechtenstien,Graubunden,SanktGallen
